../Core/Src/main.c:176:5:main	24	static
../Core/Src/main.c:291:6:SystemClock_Config	88	static
../Core/Src/main.c:353:6:PeriphCommonClock_Config	152	static
../Core/Src/main.c:380:13:MX_ADC1_Init	24	static
../Core/Src/main.c:432:13:MX_ADC3_Init	24	static
../Core/Src/main.c:484:13:MX_CRC_Init	8	static
../Core/Src/main.c:515:13:MX_DFSDM1_Init	8	static
../Core/Src/main.c:553:13:MX_DMA2D_Init	8	static
../Core/Src/main.c:592:13:MX_DSIHOST_DSI_Init	176	static
../Core/Src/main.c:701:13:MX_ETH_Init	8	static
../Core/Src/main.c:750:13:MX_HDMI_CEC_Init	8	static
../Core/Src/main.c:786:13:MX_I2C1_Init	8	static
../Core/Src/main.c:834:13:MX_I2C4_Init	8	static
../Core/Src/main.c:882:13:MX_LTDC_Init	64	static
../Core/Src/main.c:944:13:MX_QUADSPI_Init	8	static
../Core/Src/main.c:979:13:MX_RTC_Init	72	static
../Core/Src/main.c:1068:13:MX_SAI1_Init	8	static
../Core/Src/main.c:1143:13:MX_SAI2_Init	8	static
../Core/Src/main.c:1177:13:MX_SPDIFRX_Init	8	static
../Core/Src/main.c:1213:13:MX_SPI2_Init	8	static
../Core/Src/main.c:1253:13:MX_TIM1_Init	40	static
../Core/Src/main.c:1300:13:MX_TIM3_Init	48	static
../Core/Src/main.c:1349:13:MX_TIM10_Init	40	static
../Core/Src/main.c:1395:13:MX_TIM11_Init	40	static
../Core/Src/main.c:1441:13:MX_TIM12_Init	40	static
../Core/Src/main.c:1483:13:MX_UART5_Init	8	static
../Core/Src/main.c:1518:13:MX_USART1_UART_Init	8	static
../Core/Src/main.c:1553:13:MX_USART6_UART_Init	8	static
../Core/Src/main.c:1588:13:MX_USB_OTG_HS_PCD_Init	8	static
../Core/Src/main.c:1620:13:MX_FMC_Init	40	static
../Core/Src/main.c:1671:13:MX_GPIO_Init	72	static
../Core/Src/main.c:1796:2:__io_putchar	16	static
../Core/Src/main.c:1816:6:HAL_TIM_PeriodElapsedCallback	16	static
../Core/Src/main.c:1833:6:Error_Handler	4	static,ignoring_inline_asm
